Archive member included to satisfy reference by file (symbol)

/opt/st/stm32cubeide_1.19.0/plugins/com.st.stm32cube.ide.mcu.externaltools.gnu-tools-for-stm32.13.3.rel1.linux64_1.0.0.202410170706/tools/bin/../lib/gcc/arm-none-eabi/13.3.1/../../../../arm-none-eabi/lib/thumb/v7e-m/nofp/libc_nano.a(libc_a-exit.o)
                              /opt/st/stm32cubeide_1.19.0/plugins/com.st.stm32cube.ide.mcu.externaltools.gnu-tools-for-stm32.13.3.rel1.linux64_1.0.0.202410170706/tools/bin/../lib/gcc/arm-none-eabi/13.3.1/../../../../arm-none-eabi/lib/thumb/v7e-m/nofp/crt0.o (exit)
/opt/st/stm32cubeide_1.19.0/plugins/com.st.stm32cube.ide.mcu.externaltools.gnu-tools-for-stm32.13.3.rel1.linux64_1.0.0.202410170706/tools/bin/../lib/gcc/arm-none-eabi/13.3.1/../../../../arm-none-eabi/lib/thumb/v7e-m/nofp/libc_nano.a(libc_a-findfp.o)
                              /opt/st/stm32cubeide_1.19.0/plugins/com.st.stm32cube.ide.mcu.externaltools.gnu-tools-for-stm32.13.3.rel1.linux64_1.0.0.202410170706/tools/bin/../lib/gcc/arm-none-eabi/13.3.1/../../../../arm-none-eabi/lib/thumb/v7e-m/nofp/libc_nano.a(libc_a-exit.o) (__stdio_exit_handler)
/opt/st/stm32cubeide_1.19.0/plugins/com.st.stm32cube.ide.mcu.externaltools.gnu-tools-for-stm32.13.3.rel1.linux64_1.0.0.202410170706/tools/bin/../lib/gcc/arm-none-eabi/13.3.1/../../../../arm-none-eabi/lib/thumb/v7e-m/nofp/libc_nano.a(libc_a-fwalk.o)
                              /opt/st/stm32cubeide_1.19.0/plugins/com.st.stm32cube.ide.mcu.externaltools.gnu-tools-for-stm32.13.3.rel1.linux64_1.0.0.202410170706/tools/bin/../lib/gcc/arm-none-eabi/13.3.1/../../../../arm-none-eabi/lib/thumb/v7e-m/nofp/libc_nano.a(libc_a-findfp.o) (_fwalk_sglue)
/opt/st/stm32cubeide_1.19.0/plugins/com.st.stm32cube.ide.mcu.externaltools.gnu-tools-for-stm32.13.3.rel1.linux64_1.0.0.202410170706/tools/bin/../lib/gcc/arm-none-eabi/13.3.1/../../../../arm-none-eabi/lib/thumb/v7e-m/nofp/libc_nano.a(libc_a-stdio.o)
                              /opt/st/stm32cubeide_1.19.0/plugins/com.st.stm32cube.ide.mcu.externaltools.gnu-tools-for-stm32.13.3.rel1.linux64_1.0.0.202410170706/tools/bin/../lib/gcc/arm-none-eabi/13.3.1/../../../../arm-none-eabi/lib/thumb/v7e-m/nofp/libc_nano.a(libc_a-findfp.o) (__sread)
/opt/st/stm32cubeide_1.19.0/plugins/com.st.stm32cube.ide.mcu.externaltools.gnu-tools-for-stm32.13.3.rel1.linux64_1.0.0.202410170706/tools/bin/../lib/gcc/arm-none-eabi/13.3.1/../../../../arm-none-eabi/lib/thumb/v7e-m/nofp/libc_nano.a(libc_a-memset.o)
                              /opt/st/stm32cubeide_1.19.0/plugins/com.st.stm32cube.ide.mcu.externaltools.gnu-tools-for-stm32.13.3.rel1.linux64_1.0.0.202410170706/tools/bin/../lib/gcc/arm-none-eabi/13.3.1/../../../../arm-none-eabi/lib/thumb/v7e-m/nofp/crt0.o (memset)
/opt/st/stm32cubeide_1.19.0/plugins/com.st.stm32cube.ide.mcu.externaltools.gnu-tools-for-stm32.13.3.rel1.linux64_1.0.0.202410170706/tools/bin/../lib/gcc/arm-none-eabi/13.3.1/../../../../arm-none-eabi/lib/thumb/v7e-m/nofp/libc_nano.a(libc_a-closer.o)
                              /opt/st/stm32cubeide_1.19.0/plugins/com.st.stm32cube.ide.mcu.externaltools.gnu-tools-for-stm32.13.3.rel1.linux64_1.0.0.202410170706/tools/bin/../lib/gcc/arm-none-eabi/13.3.1/../../../../arm-none-eabi/lib/thumb/v7e-m/nofp/libc_nano.a(libc_a-stdio.o) (_close_r)
/opt/st/stm32cubeide_1.19.0/plugins/com.st.stm32cube.ide.mcu.externaltools.gnu-tools-for-stm32.13.3.rel1.linux64_1.0.0.202410170706/tools/bin/../lib/gcc/arm-none-eabi/13.3.1/../../../../arm-none-eabi/lib/thumb/v7e-m/nofp/libc_nano.a(libc_a-reent.o)
                              /opt/st/stm32cubeide_1.19.0/plugins/com.st.stm32cube.ide.mcu.externaltools.gnu-tools-for-stm32.13.3.rel1.linux64_1.0.0.202410170706/tools/bin/../lib/gcc/arm-none-eabi/13.3.1/../../../../arm-none-eabi/lib/thumb/v7e-m/nofp/libc_nano.a(libc_a-closer.o) (errno)
/opt/st/stm32cubeide_1.19.0/plugins/com.st.stm32cube.ide.mcu.externaltools.gnu-tools-for-stm32.13.3.rel1.linux64_1.0.0.202410170706/tools/bin/../lib/gcc/arm-none-eabi/13.3.1/../../../../arm-none-eabi/lib/thumb/v7e-m/nofp/libc_nano.a(libc_a-impure.o)
                              /opt/st/stm32cubeide_1.19.0/plugins/com.st.stm32cube.ide.mcu.externaltools.gnu-tools-for-stm32.13.3.rel1.linux64_1.0.0.202410170706/tools/bin/../lib/gcc/arm-none-eabi/13.3.1/../../../../arm-none-eabi/lib/thumb/v7e-m/nofp/libc_nano.a(libc_a-reent.o) (_impure_ptr)
/opt/st/stm32cubeide_1.19.0/plugins/com.st.stm32cube.ide.mcu.externaltools.gnu-tools-for-stm32.13.3.rel1.linux64_1.0.0.202410170706/tools/bin/../lib/gcc/arm-none-eabi/13.3.1/../../../../arm-none-eabi/lib/thumb/v7e-m/nofp/libc_nano.a(libc_a-lseekr.o)
                              /opt/st/stm32cubeide_1.19.0/plugins/com.st.stm32cube.ide.mcu.externaltools.gnu-tools-for-stm32.13.3.rel1.linux64_1.0.0.202410170706/tools/bin/../lib/gcc/arm-none-eabi/13.3.1/../../../../arm-none-eabi/lib/thumb/v7e-m/nofp/libc_nano.a(libc_a-stdio.o) (_lseek_r)
[...]
Memory Configuration

Name             Origin             Length             Attributes
RAM              0x20000000         0x00018000         xrw
SRAM2            0x10000000         0x00008000         xrw
FLASH            0x08004000         0x00020000         xr
*default*        0x00000000         0xffffffff

Linker script and memory map

LOAD /opt/st/stm32cubeide_1.19.0/plugins/com.st.stm32cube.ide.mcu.externaltools.gnu-tools-for-stm32.13.3.rel1.linux64_1.0.0.202410170706/tools/bin/../lib/gcc/arm-none-eabi/13.3.1/thumb/v7e-m/nofp/crti.o
LOAD /opt/st/stm32cubeide_1.19.0/plugins/com.st.stm32cube.ide.mcu.externaltools.gnu-tools-for-stm32.13.3.rel1.linux64_1.0.0.202410170706/tools/bin/../lib/gcc/arm-none-eabi/13.3.1/thumb/v7e-m/nofp/crtbegin.o
LOAD /opt/st/stm32cubeide_1.19.0/plugins/com.st.stm32cube.ide.mcu.externaltools.gnu-tools-for-stm32.13.3.rel1.linux64_1.0.0.202410170706/tools/bin/../lib/gcc/arm-none-eabi/13.3.1/../../../../arm-none-eabi/lib/thumb/v7e-m/nofp/crt0.o
LOAD ./Src/main.o
LOAD ./Src/syscalls.o
LOAD ./Src/sysmem.o
LOAD ./Startup/startup_stm32l476rgtx.o
LOAD ./bootloader/src/flash.o
LOAD ./bootloader/src/stm32l476_rcc.o
LOAD ./bootloader/src/stm32l476xx_gpio.o
LOAD ./bootloader/src/stm32l476xx_usart.o
START GROUP
LOAD /opt/st/stm32cubeide_1.19.0/plugins/com.st.stm32cube.ide.mcu.externaltools.gnu-tools-for-stm32.13.3.rel1.linux64_1.0.0.202410170706/tools/bin/../lib/gcc/arm-none-eabi/13.3.1/../../../../arm-none-eabi/lib/thumb/v7e-m/nofp/libc_nano.a
LOAD /opt/st/stm32cubeide_1.19.0/plugins/com.st.stm32cube.ide.mcu.externaltools.gnu-tools-for-stm32.13.3.rel1.linux64_1.0.0.202410170706/tools/bin/../lib/gcc/arm-none-eabi/13.3.1/../../../../arm-none-eabi/lib/thumb/v7e-m/nofp/libm.a
END GROUP
START GROUP
LOAD /opt/st/stm32cubeide_1.19.0/plugins/com.st.stm32cube.ide.mcu.externaltools.gnu-tools-for-stm32.13.3.rel1.linux64_1.0.0.202410170706/tools/bin/../lib/gcc/arm-none-eabi/13.3.1/thumb/v7e-m/nofp/libgcc.a
LOAD /opt/st/stm32cubeide_1.19.0/plugins/com.st.stm32cube.ide.mcu.externaltools.gnu-tools-for-stm32.13.3.rel1.linux64_1.0.0.202410170706/tools/bin/../lib/gcc/arm-none-eabi/13.3.1/../../../../arm-none-eabi/lib/thumb/v7e-m/nofp/libc_nano.a
END GROUP
START GROUP
LOAD /opt/st/stm32cubeide_1.19.0/plugins/com.st.stm32cube.ide.mcu.externaltools.gnu-tools-for-stm32.13.3.rel1.linux64_1.0.0.202410170706/tools/bin/../lib/gcc/arm-none-eabi/13.3.1/thumb/v7e-m/nofp/libgcc.a
LOAD /opt/st/stm32cubeide_1.19.0/plugins/com.st.stm32cube.ide.mcu.externaltools.gnu-tools-for-stm32.13.3.rel1.linux64_1.0.0.202410170706/tools/bin/../lib/gcc/arm-none-eabi/13.3.1/../../../../arm-none-eabi/lib/thumb/v7e-m/nofp/libc_nano.a
LOAD /opt/st/stm32cubeide_1.19.0/plugins/com.st.stm32cube.ide.mcu.externaltools.gnu-tools-for-stm32.13.3.rel1.linux64_1.0.0.202410170706/tools/bin/../lib/gcc/arm-none-eabi/13.3.1/../../../../arm-none-eabi/lib/thumb/v7e-m/nofp/libnosys.a
END GROUP
START GROUP
LOAD /opt/st/stm32cubeide_1.19.0/plugins/com.st.stm32cube.ide.mcu.externaltools.gnu-tools-for-stm32.13.3.rel1.linux64_1.0.0.202410170706/tools/bin/../lib/gcc/arm-none-eabi/13.3.1/thumb/v7e-m/nofp/libgcc.a
LOAD /opt/st/stm32cubeide_1.19.0/plugins/com.st.stm32cube.ide.mcu.externaltools.gnu-tools-for-stm32.13.3.rel1.linux64_1.0.0.202410170706/tools/bin/../lib/gcc/arm-none-eabi/13.3.1/../../../../arm-none-eabi/lib/thumb/v7e-m/nofp/libc_nano.a
LOAD /opt/st/stm32cubeide_1.19.0/plugins/com.st.stm32cube.ide.mcu.externaltools.gnu-tools-for-stm32.13.3.rel1.linux64_1.0.0.202410170706/tools/bin/../lib/gcc/arm-none-eabi/13.3.1/../../../../arm-none-eabi/lib/thumb/v7e-m/nofp/libnosys.a
END GROUP
LOAD /opt/st/stm32cubeide_1.19.0/plugins/com.st.stm32cube.ide.mcu.externaltools.gnu-tools-for-stm32.13.3.rel1.linux64_1.0.0.202410170706/tools/bin/../lib/gcc/arm-none-eabi/13.3.1/thumb/v7e-m/nofp/crtend.o
LOAD /opt/st/stm32cubeide_1.19.0/plugins/com.st.stm32cube.ide.mcu.externaltools.gnu-tools-for-stm32.13.3.rel1.linux64_1.0.0.202410170706/tools/bin/../lib/gcc/arm-none-eabi/13.3.1/thumb/v7e-m/nofp/crtn.o
                0x20018000                        _estack = (ORIGIN (RAM) + LENGTH (RAM))
                0x00000200                        _Min_Heap_Size = 0x200
                0x00000400                        _Min_Stack_Size = 0x400

.isr_vector     0x08004000      0x18c
                0x08004000                        . = ALIGN (0x4)
 *(.isr_vector)
 .isr_vector    0x08004000      0x18c ./Startup/startup_stm32l476rgtx.o
                0x08004000                g_pfnVectors
                0x0800418c                        . = ALIGN (0x4)

.text           0x0800418c     0x10b8
                0x0800418c                        . = ALIGN (0x4)
 *(.text)
 .text          0x0800418c       0x40 /opt/st/stm32cubeide_1.19.0/plugins/com.st.stm32cube.ide.mcu.externaltools.gnu-tools-for-stm32.13.3.rel1.linux64_1.0.0.202410170706/tools/bin/../lib/gcc/arm-none-eabi/13.3.1/thumb/v7e-m/nofp/crtbegin.o
 .text          0x080041cc       0x10 /opt/st/stm32cubeide_1.19.0/plugins/com.st.stm32cube.ide.mcu.externaltools.gnu-tools-for-stm32.13.3.rel1.linux64_1.0.0.202410170706/tools/bin/../lib/gcc/arm-none-eabi/13.3.1/../../../../arm-none-eabi/lib/thumb/v7e-m/nofp/libc_nano.a(libc_a-strlen.o)
                0x080041cc                strlen
 *(.text*)
 .text.USART2_Init
                0x080041dc       0x44 ./Src/main.o
                0x080041dc                USART2_Init
 .text.GPIO_ButtonInit
                0x08004220       0x54 ./Src/main.o
                0x08004220                GPIO_ButtonInit
 .text.delays   0x08004274       0x2c ./Src/main.o
                0x08004274                delays
 .text.main     0x080042a0       0x48 ./Src/main.o
                0x080042a0                main
 .text.USART2_IRQHandler
                0x080042e8       0x14 ./Src/main.o
                0x080042e8                USART2_IRQHandler
 .text.SystemInit
                0x080042fc       0x18 ./Src/main.o
                0x080042fc                SystemInit
 .text.Reset_Handler
                0x08004314       0x50 ./Startup/startup_stm32l476rgtx.o
                0x08004314                Reset_Handler
 .text.Default_Handler
                0x08004364        0x2 ./Startup/startup_stm32l476rgtx.o
                0x08004364                EXTI2_IRQHandler
                0x08004364                TIM8_TRG_COM_IRQHandler
                0x08004364                TIM8_CC_IRQHandler
                0x08004364                DebugMon_Handler
                0x08004364                DMA1_CH4_IRQHandler
                0x08004364                TIM1_CC_IRQHandler
                0x08004364                TSC_IRQHandler
                0x08004364                HardFault_Handler
                0x08004364                SysTick_Handler
                0x08004364                TAMP_STAMP_IRQHandler
                0x08004364                PendSV_Handler
                0x08004364                NMI_Handler
                0x08004364                EXTI3_IRQHandler
                0x08004364                LPTIM2_IRQHandler
                0x08004364                DFSDM1_FLT1_IRQHandler
                0x08004364                I2C3_ER_IRQHandler
                0x08004364                DFSDM1_FLT2_IRQHandler
                0x08004364                TIM6_DACUNDER_IRQHandler
                0x08004364                EXTI0_IRQHandler
                0x08004364                I2C2_EV_IRQHandler
                0x08004364                DMA2_CH1_IRQHandler
                0x08004364                CAN1_RX0_IRQHandler
                0x08004364                FPU_IRQHandler
                0x08004364                TIM1_UP_TIM16_IRQHandler
                0x08004364                DMA2_CH7_IRQHandler
                0x08004364                UsageFault_Handler
                0x08004364                ADC1_2_IRQHandler
                0x08004364                SPI1_IRQHandler
                0x08004364                DMA1_CH7_IRQHandler
                0x08004364                TIM8_UP_IRQHandler
                0x08004364                RTC_ALARM_IRQHandler
                0x08004364                SAI2_IRQHandler
                0x08004364                DFSDM1_FLT3_IRQHandler
                0x08004364                DMA1_CH6_IRQHandler
                0x08004364                USART3_IRQHandler
                0x08004364                CAN1_RX1_IRQHandler
                0x08004364                LCD_IRQHandler
                0x08004364                UART5_IRQHandler
                0x08004364                ADC3_IRQHandler
                0x08004364                TIM4_IRQHandler
                0x08004364                QUADSPI_IRQHandler
                0x08004364                I2C1_EV_IRQHandler
                0x08004364                DMA2_CH5_IRQHandler
                0x08004364                UART4_IRQHandler
                0x08004364                DMA1_CH3_IRQHandler
                0x08004364                TIM3_IRQHandler
                0x08004364                RCC_IRQHandler
                0x08004364                Default_Handler
                0x08004364                EXTI15_10_IRQHandler
                0x08004364                TIM7_IRQHandler
                0x08004364                SDMMC1_IRQHandler
                0x08004364                TIM5_IRQHandler
                0x08004364                I2C3_EV_IRQHandler
                0x08004364                EXTI9_5_IRQHandler
                0x08004364                DMA1_CH2_IRQHandler
                0x08004364                RTC_WKUP_IRQHandler
                0x08004364                PVD_PVM_IRQHandler
                0x08004364                SPI2_IRQHandler
                0x08004364                DMA1_CH1_IRQHandler
                0x08004364                MemManage_Handler
                0x08004364                CAN1_TX_IRQHandler
                0x08004364                SVC_Handler
                0x08004364                CRS_IRQHandler
                0x08004364                EXTI4_IRQHandler
                0x08004364                RNG_IRQHandler
                0x08004364                TIM1_TRG_COM_TIM17_IRQHandler
                0x08004364                COMP_IRQHandler
                0x08004364                WWDG_IRQHandler
                0x08004364                LPUART1_IRQHandler
                0x08004364                TIM2_IRQHandler
                0x08004364                EXTI1_IRQHandler
                0x08004364                DFSDM1_FLT0_IRQHandler
                0x08004364                I2C2_ER_IRQHandler
                0x08004364                TIM8_BRK_IRQHandler
                0x08004364                CAN1_SCE_IRQHandler
                0x08004364                FLASH_IRQHandler
                0x08004364                BusFault_Handler
                0x08004364                USART1_IRQHandler
                0x08004364                OTG_FS_IRQHandler
                0x08004364                SPI3_IRQHandler
                0x08004364                DMA2_CH6_IRQHandler
                0x08004364                DMA2_CH3_IRQHandler
                0x08004364                DMA2_CH2_IRQHandler
                0x08004364                I2C1_ER_IRQHandler
                0x08004364                FMC_IRQHandler
                0x08004364                DMA1_CH5_IRQHandler
                0x08004364                DMA2_CH4_IRQHandler
                0x08004364                SWPMI1_IRQHandler
                0x08004364                LPTIM1_IRQHandler
                0x08004364                SAI1_IRQHandler
                0x08004364                TIM1_BRK_TIM15_IRQHandler
 *fill*         0x08004366        0x2 
 .text.RCC_GetMSIClock
                0x08004368       0xc0 ./bootloader/src/stm32l476_rcc.o
 .text.RCC_GetPLLOutputClock
                0x08004428       0x98 ./bootloader/src/stm32l476_rcc.o
                0x08004428                RCC_GetPLLOutputClock
 .text.RCC_GetPCLK1Value
                0x080044c0       0xd0 ./bootloader/src/stm32l476_rcc.o
                0x080044c0                RCC_GetPCLK1Value
 .text.RCC_GetPCLK2Value
                0x08004590       0xd0 ./bootloader/src/stm32l476_rcc.o
                0x08004590                RCC_GetPCLK2Value
 .text.GPIO_INIT
                0x08004660      0x240 ./bootloader/src/stm32l476xx_gpio.o
                0x08004660                GPIO_INIT
 .text.GPIO_PERI_CTRL
                0x080048a0      0x1cc ./bootloader/src/stm32l476xx_gpio.o
                0x080048a0                GPIO_PERI_CTRL
 .text.GPIO_TOGGLE_PIN
                0x08004a6c       0x28 ./bootloader/src/stm32l476xx_gpio.o
                0x08004a6c                GPIO_TOGGLE_PIN
 .text.USART_INIT
                0x08004a94      0x10c ./bootloader/src/stm32l476xx_usart.o
                0x08004a94                USART_INIT
 .text.USART_PER_CLK_CTRL
                0x08004ba0      0x110 ./bootloader/src/stm32l476xx_usart.o
                0x08004ba0                USART_PER_CLK_CTRL
 .text.USART_SEND_DATA
                0x08004cb0       0x9e ./bootloader/src/stm32l476xx_usart.o
                0x08004cb0                USART_SEND_DATA
 .text.USART_PeripheralControl
                0x08004d4e       0x36 ./bootloader/src/stm32l476xx_usart.o
                0x08004d4e                USART_PeripheralControl
 .text.USART_GetFlagStatus
                0x08004d84       0x26 ./bootloader/src/stm32l476xx_usart.o
                0x08004d84                USART_GetFlagStatus
 *fill*         0x08004daa        0x2 
 .text.USART_SetBaudRate
                0x08004dac       0x7c ./bootloader/src/stm32l476xx_usart.o
                0x08004dac                USART_SetBaudRate
 .text.USART_IRQHandling
                0x08004e28      0x3a6 ./bootloader/src/stm32l476xx_usart.o
                0x08004e28                USART_IRQHandling
 .text.USART_ApplicationEventCallback
                0x080051ce       0x16 ./bootloader/src/stm32l476xx_usart.o
                0x080051ce                USART_ApplicationEventCallback
 .text.__libc_init_array
                0x080051e4       0x48 /opt/st/stm32cubeide_1.19.0/plugins/com.st.stm32cube.ide.mcu.externaltools.gnu-tools-for-stm32.13.3.rel1.linux64_1.0.0.202410170706/tools/bin/../lib/gcc/arm-none-eabi/13.3.1/../../../../arm-none-eabi/lib/thumb/v7e-m/nofp/libc_nano.a(libc_a-init.o)
                0x080051e4                __libc_init_array
 *(.glue_7)
 .glue_7        0x0800522c        0x0 linker stubs
 *(.glue_7t)
 .glue_7t       0x0800522c        0x0 linker stubs
 *(.eh_frame)
 .eh_frame      0x0800522c        0x0 /opt/st/stm32cubeide_1.19.0/plugins/com.st.stm32cube.ide.mcu.externaltools.gnu-tools-for-stm32.13.3.rel1.linux64_1.0.0.202410170706/tools/bin/../lib/gcc/arm-none-eabi/13.3.1/thumb/v7e-m/nofp/crtbegin.o
 *(.init)
 .init          0x0800522c        0x4 /opt/st/stm32cubeide_1.19.0/plugins/com.st.stm32cube.ide.mcu.externaltools.gnu-tools-for-stm32.13.3.rel1.linux64_1.0.0.202410170706/tools/bin/../lib/gcc/arm-none-eabi/13.3.1/thumb/v7e-m/nofp/crti.o
                0x0800522c                _init
 .init          0x08005230        0x8 /opt/st/stm32cubeide_1.19.0/plugins/com.st.stm32cube.ide.mcu.externaltools.gnu-tools-for-stm32.13.3.rel1.linux64_1.0.0.202410170706/tools/bin/../lib/gcc/arm-none-eabi/13.3.1/thumb/v7e-m/nofp/crtn.o
 *(.fini)
 .fini          0x08005238        0x4 /opt/st/stm32cubeide_1.19.0/plugins/com.st.stm32cube.ide.mcu.externaltools.gnu-tools-for-stm32.13.3.rel1.linux64_1.0.0.202410170706/tools/bin/../lib/gcc/arm-none-eabi/13.3.1/thumb/v7e-m/nofp/crti.o
                0x08005238                _fini
 .fini          0x0800523c        0x8 /opt/st/stm32cubeide_1.19.0/plugins/com.st.stm32cube.ide.mcu.externaltools.gnu-tools-for-stm32.13.3.rel1.linux64_1.0.0.202410170706/tools/bin/../lib/gcc/arm-none-eabi/13.3.1/thumb/v7e-m/nofp/crtn.o
                0x08005244                        . = ALIGN (0x4)
                0x08005244                        _etext = .

.vfp11_veneer   0x08005244        0x0
 .vfp11_veneer  0x08005244        0x0 linker stubs

.v4_bx          0x08005244        0x0
 .v4_bx         0x08005244        0x0 linker stubs

.iplt           0x08005244        0x0
 .iplt          0x08005244        0x0 /opt/st/stm32cubeide_1.19.0/plugins/com.st.stm32cube.ide.mcu.externaltools.gnu-tools-for-stm32.13.3.rel1.linux64_1.0.0.202410170706/tools/bin/../lib/gcc/arm-none-eabi/13.3.1/thumb/v7e-m/nofp/crtbegin.o

.rodata         0x08005244        0x0
                0x08005244                        . = ALIGN (0x4)
 *(.rodata)
 *(.rodata*)
                0x08005244                        . = ALIGN (0x4)

.ARM.extab      0x08005244        0x0
                0x08005244                        . = ALIGN (0x4)
 *(.ARM.extab* .gnu.linkonce.armextab.*)
                0x08005244                        . = ALIGN (0x4)

.ARM            0x08005244        0x8
                0x08005244                        . = ALIGN (0x4)
                0x08005244                        __exidx_start = .
 *(.ARM.exidx*)
 .ARM.exidx     0x08005244        0x8 /opt/st/stm32cubeide_1.19.0/plugins/com.st.stm32cube.ide.mcu.externaltools.gnu-tools-for-stm32.13.3.rel1.linux64_1.0.0.202410170706/tools/bin/../lib/gcc/arm-none-eabi/13.3.1/../../../../arm-none-eabi/lib/thumb/v7e-m/nofp/libc_nano.a(libc_a-strlen.o)
                0x0800524c                        __exidx_end = .
                0x0800524c                        . = ALIGN (0x4)

.preinit_array  0x0800524c        0x0
                0x0800524c                        . = ALIGN (0x4)
                0x0800524c                        PROVIDE (__preinit_array_start = .)
 *(.preinit_array*)
                0x0800524c                        PROVIDE (__preinit_array_end = .)
                0x0800524c                        . = ALIGN (0x4)

.init_array     0x0800524c        0x4
                0x0800524c                        . = ALIGN (0x4)
                0x0800524c                        PROVIDE (__init_array_start = .)
 *(SORT_BY_NAME(.init_array.*))
 *(.init_array*)
 .init_array    0x0800524c        0x4 /opt/st/stm32cubeide_1.19.0/plugins/com.st.stm32cube.ide.mcu.externaltools.gnu-tools-for-stm32.13.3.rel1.linux64_1.0.0.202410170706/tools/bin/../lib/gcc/arm-none-eabi/13.3.1/thumb/v7e-m/nofp/crtbegin.o
                0x08005250                        PROVIDE (__init_array_end = .)
                0x08005250                        . = ALIGN (0x4)

.fini_array     0x08005250        0x4
                0x08005250                        . = ALIGN (0x4)
                [!provide]                        PROVIDE (__fini_array_start = .)
 *(SORT_BY_NAME(.fini_array.*))
 *(.fini_array*)
 .fini_array    0x08005250        0x4 /opt/st/stm32cubeide_1.19.0/plugins/com.st.stm32cube.ide.mcu.externaltools.gnu-tools-for-stm32.13.3.rel1.linux64_1.0.0.202410170706/tools/bin/../lib/gcc/arm-none-eabi/13.3.1/thumb/v7e-m/nofp/crtbegin.o
                [!provide]                        PROVIDE (__fini_array_end = .)
                0x08005254                        . = ALIGN (0x4)
                0x08005254                        _sidata = LOADADDR (.data)

.rel.dyn        0x08005254        0x0
 .rel.iplt      0x08005254        0x0 /opt/st/stm32cubeide_1.19.0/plugins/com.st.stm32cube.ide.mcu.externaltools.gnu-tools-for-stm32.13.3.rel1.linux64_1.0.0.202410170706/tools/bin/../lib/gcc/arm-none-eabi/13.3.1/thumb/v7e-m/nofp/crtbegin.o

.data           0x20000000       0x30 load address 0x08005254
                0x20000000                        . = ALIGN (0x4)
                0x20000000                        _sdata = .
 *(.data)
 *(.data*)
 .data.msg      0x20000000       0x1a ./Src/main.o
                0x20000000                msg
 *fill*         0x2000001a        0x2 
 .data.AHB_PreScaler
                0x2000001c       0x10 ./bootloader/src/stm32l476_rcc.o
                0x2000001c                AHB_PreScaler
 .data.APB_PreScaler
                0x2000002c        0x4 ./bootloader/src/stm32l476_rcc.o
                0x2000002c                APB_PreScaler
 *(.RamFunc)
 *(.RamFunc*)
                0x20000030                        . = ALIGN (0x4)
                0x20000030                        _edata = .
                0x08005284                        _sisram2 = LOADADDR (.sram2)

.igot.plt       0x20000030        0x0 load address 0x08005284
 .igot.plt      0x20000030        0x0 /opt/st/stm32cubeide_1.19.0/plugins/com.st.stm32cube.ide.mcu.externaltools.gnu-tools-for-stm32.13.3.rel1.linux64_1.0.0.202410170706/tools/bin/../lib/gcc/arm-none-eabi/13.3.1/thumb/v7e-m/nofp/crtbegin.o

.sram2          0x10000000        0x0 load address 0x08005284
                0x10000000                        . = ALIGN (0x4)
                0x10000000                        _ssram2 = .
 *(.sram2)
 *(.sram2*)
                0x10000000                        . = ALIGN (0x4)
                0x10000000                        _esram2 = .
                0x10000000                        . = ALIGN (0x4)

.bss            0x20000030       0x38
                0x20000030                        _sbss = .
                0x20000030                        __bss_start__ = _sbss
 *(.bss)
 .bss           0x20000030       0x1c /opt/st/stm32cubeide_1.19.0/plugins/com.st.stm32cube.ide.mcu.externaltools.gnu-tools-for-stm32.13.3.rel1.linux64_1.0.0.202410170706/tools/bin/../lib/gcc/arm-none-eabi/13.3.1/thumb/v7e-m/nofp/crtbegin.o
 *(.bss*)
 .bss.usart_handle
                0x2000004c       0x1c ./Src/main.o
                0x2000004c                usart_handle
 *(COMMON)
                0x20000068                        . = ALIGN (0x4)
                0x20000068                        _ebss = .
                0x20000068                        __bss_end__ = _ebss

._user_heap_stack
                0x20000068      0x600
                0x20000068                        . = ALIGN (0x8)
                [!provide]                        PROVIDE (end = .)
                0x20000068                        PROVIDE (_end = .)
                0x20000268                        . = (. + _Min_Heap_Size)
 *fill*         0x20000068      0x200 
                0x20000668                        . = (. + _Min_Stack_Size)
 *fill*         0x20000268      0x400 
                0x20000668                        . = ALIGN (0x8)

/DISCARD/
 libc.a(*)
 libm.a(*)
 libgcc.a(*)

.ARM.attributes
                0x00000000       0x2a
 *(.ARM.attributes)
 .ARM.attributes
                0x00000000       0x1e /opt/st/stm32cubeide_1.19.0/plugins/com.st.stm32cube.ide.mcu.externaltools.gnu-tools-for-stm32.13.3.rel1.linux64_1.0.0.202410170706/tools/bin/../lib/gcc/arm-none-eabi/13.3.1/thumb/v7e-m/nofp/crti.o
 .ARM.attributes
                0x0000001e       0x2e /opt/st/stm32cubeide_1.19.0/plugins/com.st.stm32cube.ide.mcu.externaltools.gnu-tools-for-stm32.13.3.rel1.linux64_1.0.0.202410170706/tools/bin/../lib/gcc/arm-none-eabi/13.3.1/thumb/v7e-m/nofp/crtbegin.o
 .ARM.attributes
                0x0000004c       0x2e ./Src/main.o
 .ARM.attributes
                0x0000007a       0x21 ./Startup/startup_stm32l476rgtx.o
 .ARM.attributes
                0x0000009b       0x2e ./bootloader/src/stm32l476_rcc.o
 .ARM.attributes
                0x000000c9       0x2e ./bootloader/src/stm32l476xx_gpio.o
 .ARM.attributes
                0x000000f7       0x2e ./bootloader/src/stm32l476xx_usart.o
 .ARM.attributes
                0x00000125       0x2e /opt/st/stm32cubeide_1.19.0/plugins/com.st.stm32cube.ide.mcu.externaltools.gnu-tools-for-stm32.13.3.rel1.linux64_1.0.0.202410170706/tools/bin/../lib/gcc/arm-none-eabi/13.3.1/../../../../arm-none-eabi/lib/thumb/v7e-m/nofp/libc_nano.a(libc_a-init.o)
 .ARM.attributes
                0x00000153       0x17 /opt/st/stm32cubeide_1.19.0/plugins/com.st.stm32cube.ide.mcu.externaltools.gnu-tools-for-stm32.13.3.rel1.linux64_1.0.0.202410170706/tools/bin/../lib/gcc/arm-none-eabi/13.3.1/../../../../arm-none-eabi/lib/thumb/v7e-m/nofp/libc_nano.a(libc_a-strlen.o)
 .ARM.attributes
                0x0000016a       0x1e /opt/st/stm32cubeide_1.19.0/plugins/com.st.stm32cube.ide.mcu.externaltools.gnu-tools-for-stm32.13.3.rel1.linux64_1.0.0.202410170706/tools/bin/../lib/gcc/arm-none-eabi/13.3.1/thumb/v7e-m/nofp/crtn.o
OUTPUT(Bootloader_DEFAULT_APP.elf elf32-littlearm)
LOAD linker stubs
LOAD /opt/st/stm32cubeide_1.19.0/plugins/com.st.stm32cube.ide.mcu.externaltools.gnu-tools-for-stm32.13.3.rel1.linux64_1.0.0.202410170706/tools/bin/../lib/gcc/arm-none-eabi/13.3.1/../../../../arm-none-eabi/lib/thumb/v7e-m/nofp/libc.a
LOAD /opt/st/stm32cubeide_1.19.0/plugins/com.st.stm32cube.ide.mcu.externaltools.gnu-tools-for-stm32.13.3.rel1.linux64_1.0.0.202410170706/tools/bin/../lib/gcc/arm-none-eabi/13.3.1/../../../../arm-none-eabi/lib/thumb/v7e-m/nofp/libm.a
LOAD /opt/st/stm32cubeide_1.19.0/plugins/com.st.stm32cube.ide.mcu.externaltools.gnu-tools-for-stm32.13.3.rel1.linux64_1.0.0.202410170706/tools/bin/../lib/gcc/arm-none-eabi/13.3.1/thumb/v7e-m/nofp/libgcc.a

.debug_info     0x00000000     0x1a28
 .debug_info    0x00000000      0x5b9 ./Src/main.o
 .debug_info    0x000005b9       0x30 ./Startup/startup_stm32l476rgtx.o
 .debug_info    0x000005e9      0x47e ./bootloader/src/stm32l476_rcc.o
 .debug_info    0x00000a67      0x768 ./bootloader/src/stm32l476xx_gpio.o
 .debug_info    0x000011cf      0x859 ./bootloader/src/stm32l476xx_usart.o

.debug_abbrev   0x00000000      0x6b9
 .debug_abbrev  0x00000000      0x1a6 ./Src/main.o
 .debug_abbrev  0x000001a6       0x24 ./Startup/startup_stm32l476rgtx.o
 .debug_abbrev  0x000001ca      0x129 ./bootloader/src/stm32l476_rcc.o
 .debug_abbrev  0x000002f3      0x19d ./bootloader/src/stm32l476xx_gpio.o
 .debug_abbrev  0x00000490      0x229 ./bootloader/src/stm32l476xx_usart.o

.debug_aranges  0x00000000      0x1a8
 .debug_aranges
                0x00000000       0x50 ./Src/main.o
 .debug_aranges
                0x00000050       0x28 ./Startup/startup_stm32l476rgtx.o
 .debug_aranges
                0x00000078       0x38 ./bootloader/src/stm32l476_rcc.o
 .debug_aranges
                0x000000b0       0x70 ./bootloader/src/stm32l476xx_gpio.o
 .debug_aranges
                0x00000120       0x88 ./bootloader/src/stm32l476xx_usart.o

.debug_rnglists
                0x00000000      0x134
 .debug_rnglists
                0x00000000       0x37 ./Src/main.o
 .debug_rnglists
                0x00000037       0x19 ./Startup/startup_stm32l476rgtx.o
 .debug_rnglists
                0x00000050       0x29 ./bootloader/src/stm32l476_rcc.o
 .debug_rnglists
                0x00000079       0x53 ./bootloader/src/stm32l476xx_gpio.o
 .debug_rnglists
                0x000000cc       0x68 ./bootloader/src/stm32l476xx_usart.o

.debug_macro    0x00000000     0x2716
 .debug_macro   0x00000000      0x1c0 ./Src/main.o
 .debug_macro   0x000001c0      0xad8 ./Src/main.o
 .debug_macro   0x00000c98       0x22 ./Src/main.o
 .debug_macro   0x00000cba       0x8e ./Src/main.o
 .debug_macro   0x00000d48       0x51 ./Src/main.o
 .debug_macro   0x00000d99      0x103 ./Src/main.o
 .debug_macro   0x00000e9c       0x6a ./Src/main.o
 .debug_macro   0x00000f06      0x1df ./Src/main.o
 .debug_macro   0x000010e5      0x190 ./Src/main.o
 .debug_macro   0x00001275      0x558 ./Src/main.o
 .debug_macro   0x000017cd       0xd0 ./Src/main.o
 .debug_macro   0x0000189d      0x100 ./Src/main.o
 .debug_macro   0x0000199d       0x40 ./Src/main.o
 .debug_macro   0x000019dd       0x5e ./Src/main.o
 .debug_macro   0x00001a3b       0x61 ./Src/main.o
 .debug_macro   0x00001a9c       0x24 ./Src/main.o
 .debug_macro   0x00001ac0       0x43 ./Src/main.o
 .debug_macro   0x00001b03       0x34 ./Src/main.o
 .debug_macro   0x00001b37       0x16 ./Src/main.o
 .debug_macro   0x00001b4d       0x3c ./Src/main.o
 .debug_macro   0x00001b89      0x370 ./Src/main.o
 .debug_macro   0x00001ef9       0x10 ./Src/main.o
 .debug_macro   0x00001f09       0x16 ./Src/main.o
 .debug_macro   0x00001f1f       0x4a ./Src/main.o
 .debug_macro   0x00001f69       0x34 ./Src/main.o
 .debug_macro   0x00001f9d       0x10 ./Src/main.o
 .debug_macro   0x00001fad       0x58 ./Src/main.o
 .debug_macro   0x00002005       0x8e ./Src/main.o
 .debug_macro   0x00002093       0x1c ./Src/main.o
 .debug_macro   0x000020af      0x185 ./Src/main.o
 .debug_macro   0x00002234       0x16 ./Src/main.o
 .debug_macro   0x0000224a       0x16 ./Src/main.o
 .debug_macro   0x00002260      0x146 ./Src/main.o
 .debug_macro   0x000023a6       0x16 ./Src/main.o
 .debug_macro   0x000023bc       0x20 ./Src/main.o
 .debug_macro   0x000023dc       0xbe ./bootloader/src/stm32l476_rcc.o
 .debug_macro   0x0000249a       0xbc ./bootloader/src/stm32l476xx_gpio.o
 .debug_macro   0x00002556       0xc6 ./bootloader/src/stm32l476xx_usart.o
 .debug_macro   0x0000261c       0xfa ./bootloader/src/stm32l476xx_usart.o

.debug_line     0x00000000     0x2087
 .debug_line    0x00000000      0x684 ./Src/main.o
 .debug_line    0x00000684       0x7b ./Startup/startup_stm32l476rgtx.o
 .debug_line    0x000006ff      0x5a1 ./bootloader/src/stm32l476_rcc.o
 .debug_line    0x00000ca0      0x8d6 ./bootloader/src/stm32l476xx_gpio.o
 .debug_line    0x00001576      0xb11 ./bootloader/src/stm32l476xx_usart.o

.debug_str      0x00000000     0xa648
 .debug_str     0x00000000     0xa648 ./Src/main.o
                               0xa2c8 (size before relaxing)
 .debug_str     0x0000a648       0x7d ./Startup/startup_stm32l476rgtx.o
 .debug_str     0x0000a648     0x6a4e ./bootloader/src/stm32l476_rcc.o
 .debug_str     0x0000a648     0x6b90 ./bootloader/src/stm32l476xx_gpio.o
 .debug_str     0x0000a648     0x6c25 ./bootloader/src/stm32l476xx_usart.o

.comment        0x00000000       0x43
 .comment       0x00000000       0x43 ./Src/main.o
                                 0x44 (size before relaxing)
 .comment       0x00000043       0x44 ./bootloader/src/stm32l476_rcc.o
 .comment       0x00000043       0x44 ./bootloader/src/stm32l476xx_gpio.o
 .comment       0x00000043       0x44 ./bootloader/src/stm32l476xx_usart.o

.debug_frame    0x00000000      0x5bc
 .debug_frame   0x00000000       0xf4 ./Src/main.o
 .debug_frame   0x000000f4       0xa4 ./bootloader/src/stm32l476_rcc.o
 .debug_frame   0x00000198      0x1c8 ./bootloader/src/stm32l476xx_gpio.o
 .debug_frame   0x00000360      0x230 ./bootloader/src/stm32l476xx_usart.o
 .debug_frame   0x00000590       0x2c /opt/st/stm32cubeide_1.19.0/plugins/com.st.stm32cube.ide.mcu.externaltools.gnu-tools-for-stm32.13.3.rel1.linux64_1.0.0.202410170706/tools/bin/../lib/gcc/arm-none-eabi/13.3.1/../../../../arm-none-eabi/lib/thumb/v7e-m/nofp/libc_nano.a(libc_a-init.o)

.debug_line_str
                0x00000000       0x61
 .debug_line_str
                0x00000000       0x61 ./Startup/startup_stm32l476rgtx.o
