Archive member included to satisfy reference by file (symbol)

/opt/st/stm32cubeide_1.19.0/plugins/com.st.stm32cube.ide.mcu.externaltools.gnu-tools-for-stm32.13.3.rel1.linux64_1.0.0.202410170706/tools/bin/../lib/gcc/arm-none-eabi/13.3.1/../../../../arm-none-eabi/lib/thumb/v7e-m/nofp/libc_nano.a(libc_a-exit.o)
                              /opt/st/stm32cubeide_1.19.0/plugins/com.st.stm32cube.ide.mcu.externaltools.gnu-tools-for-stm32.13.3.rel1.linux64_1.0.0.202410170706/tools/bin/../lib/gcc/arm-none-eabi/13.3.1/../../../../arm-none-eabi/lib/thumb/v7e-m/nofp/crt0.o (exit)
/opt/st/stm32cubeide_1.19.0/plugins/com.st.stm32cube.ide.mcu.externaltools.gnu-tools-for-stm32.13.3.rel1.linux64_1.0.0.202410170706/tools/bin/../lib/gcc/arm-none-eabi/13.3.1/../../../../arm-none-eabi/lib/thumb/v7e-m/nofp/libc_nano.a(libc_a-findfp.o)
                              /opt/st/stm32cubeide_1.19.0/plugins/com.st.stm32cube.ide.mcu.externaltools.gnu-tools-for-stm32.13.3.rel1.linux64_1.0.0.202410170706/tools/bin/../lib/gcc/arm-none-eabi/13.3.1/../../../../arm-none-eabi/lib/thumb/v7e-m/nofp/libc_nano.a(libc_a-exit.o) (__stdio_exit_handler)
/opt/st/stm32cubeide_1.19.0/plugins/com.st.stm32cube.ide.mcu.externaltools.gnu-tools-for-stm32.13.3.rel1.linux64_1.0.0.202410170706/tools/bin/../lib/gcc/arm-none-eabi/13.3.1/../../../../arm-none-eabi/lib/thumb/v7e-m/nofp/libc_nano.a(libc_a-fwalk.o)
                              /opt/st/stm32cubeide_1.19.0/plugins/com.st.stm32cube.ide.mcu.externaltools.gnu-tools-for-stm32.13.3.rel1.linux64_1.0.0.202410170706/tools/bin/../lib/gcc/arm-none-eabi/13.3.1/../../../../arm-none-eabi/lib/thumb/v7e-m/nofp/libc_nano.a(libc_a-findfp.o) (_fwalk_sglue)
/opt/st/stm32cubeide_1.19.0/plugins/com.st.stm32cube.ide.mcu.externaltools.gnu-tools-for-stm32.13.3.rel1.linux64_1.0.0.202410170706/tools/bin/../lib/gcc/arm-none-eabi/13.3.1/../../../../arm-none-eabi/lib/thumb/v7e-m/nofp/libc_nano.a(libc_a-stdio.o)
                              /opt/st/stm32cubeide_1.19.0/plugins/com.st.stm32cube.ide.mcu.externaltools.gnu-tools-for-stm32.13.3.rel1.linux64_1.0.0.202410170706/tools/bin/../lib/gcc/arm-none-eabi/13.3.1/../../../../arm-none-eabi/lib/thumb/v7e-m/nofp/libc_nano.a(libc_a-findfp.o) (__sread)
/opt/st/stm32cubeide_1.19.0/plugins/com.st.stm32cube.ide.mcu.externaltools.gnu-tools-for-stm32.13.3.rel1.linux64_1.0.0.202410170706/tools/bin/../lib/gcc/arm-none-eabi/13.3.1/../../../../arm-none-eabi/lib/thumb/v7e-m/nofp/libc_nano.a(libc_a-memset.o)
                              /opt/st/stm32cubeide_1.19.0/plugins/com.st.stm32cube.ide.mcu.externaltools.gnu-tools-for-stm32.13.3.rel1.linux64_1.0.0.202410170706/tools/bin/../lib/gcc/arm-none-eabi/13.3.1/../../../../arm-none-eabi/lib/thumb/v7e-m/nofp/crt0.o (memset)
/opt/st/stm32cubeide_1.19.0/plugins/com.st.stm32cube.ide.mcu.externaltools.gnu-tools-for-stm32.13.3.rel1.linux64_1.0.0.202410170706/tools/bin/../lib/gcc/arm-none-eabi/13.3.1/../../../../arm-none-eabi/lib/thumb/v7e-m/nofp/libc_nano.a(libc_a-closer.o)
                              /opt/st/stm32cubeide_1.19.0/plugins/com.st.stm32cube.ide.mcu.externaltools.gnu-tools-for-stm32.13.3.rel1.linux64_1.0.0.202410170706/tools/bin/../lib/gcc/arm-none-eabi/13.3.1/../../../../arm-none-eabi/lib/thumb/v7e-m/nofp/libc_nano.a(libc_a-stdio.o) (_close_r)
/opt/st/stm32cubeide_1.19.0/plugins/com.st.stm32cube.ide.mcu.externaltools.gnu-tools-for-stm32.13.3.rel1.linux64_1.0.0.202410170706/tools/bin/../lib/gcc/arm-none-eabi/13.3.1/../../../../arm-none-eabi/lib/thumb/v7e-m/nofp/libc_nano.a(libc_a-reent.o)
                              /opt/st/stm32cubeide_1.19.0/plugins/com.st.stm32cube.ide.mcu.externaltools.gnu-tools-for-stm32.13.3.rel1.linux64_1.0.0.202410170706/tools/bin/../lib/gcc/arm-none-eabi/13.3.1/../../../../arm-none-eabi/lib/thumb/v7e-m/nofp/libc_nano.a(libc_a-closer.o) (errno)
/opt/st/stm32cubeide_1.19.0/plugins/com.st.stm32cube.ide.mcu.externaltools.gnu-tools-for-stm32.13.3.rel1.linux64_1.0.0.202410170706/tools/bin/../lib/gcc/arm-none-eabi/13.3.1/../../../../arm-none-eabi/lib/thumb/v7e-m/nofp/libc_nano.a(libc_a-impure.o)
                              /opt/st/stm32cubeide_1.19.0/plugins/com.st.stm32cube.ide.mcu.externaltools.gnu-tools-for-stm32.13.3.rel1.linux64_1.0.0.202410170706/tools/bin/../lib/gcc/arm-none-eabi/13.3.1/../../../../arm-none-eabi/lib/thumb/v7e-m/nofp/libc_nano.a(libc_a-reent.o) (_impure_ptr)
/opt/st/stm32cubeide_1.19.0/plugins/com.st.stm32cube.ide.mcu.externaltools.gnu-tools-for-stm32.13.3.rel1.linux64_1.0.0.202410170706/tools/bin/../lib/gcc/arm-none-eabi/13.3.1/../../../../arm-none-eabi/lib/thumb/v7e-m/nofp/libc_nano.a(libc_a-lseekr.o)
                              /opt/st/stm32cubeide_1.19.0/plugins/com.st.stm32cube.ide.mcu.externaltools.gnu-tools-for-stm32.13.3.rel1.linux64_1.0.0.202410170706/tools/bin/../lib/gcc/arm-none-eabi/13.3.1/../../../../arm-none-eabi/lib/thumb/v7e-m/nofp/libc_nano.a(libc_a-stdio.o) (_lseek_r)
[...]
Memory Configuration

Name             Origin             Length             Attributes
RAM              0x20000000         0x00018000         xrw
SRAM2            0x10000000         0x00008000         xrw
FLASH            0x08000000         0x00020000         xr
*default*        0x00000000         0xffffffff

Linker script and memory map

LOAD /opt/st/stm32cubeide_1.19.0/plugins/com.st.stm32cube.ide.mcu.externaltools.gnu-tools-for-stm32.13.3.rel1.linux64_1.0.0.202410170706/tools/bin/../lib/gcc/arm-none-eabi/13.3.1/thumb/v7e-m/nofp/crti.o
LOAD /opt/st/stm32cubeide_1.19.0/plugins/com.st.stm32cube.ide.mcu.externaltools.gnu-tools-for-stm32.13.3.rel1.linux64_1.0.0.202410170706/tools/bin/../lib/gcc/arm-none-eabi/13.3.1/thumb/v7e-m/nofp/crtbegin.o
LOAD /opt/st/stm32cubeide_1.19.0/plugins/com.st.stm32cube.ide.mcu.externaltools.gnu-tools-for-stm32.13.3.rel1.linux64_1.0.0.202410170706/tools/bin/../lib/gcc/arm-none-eabi/13.3.1/../../../../arm-none-eabi/lib/thumb/v7e-m/nofp/crt0.o
LOAD ./Src/multislot_boot.o
LOAD ./Src/syscalls.o
LOAD ./Src/sysmem.o
LOAD ./Startup/startup_stm32l476rgtx.o
LOAD ./bootloader/src/bootloader.o
LOAD ./bootloader/src/flash.o
LOAD ./bootloader/src/stm32l476_rcc.o
LOAD ./bootloader/src/stm32l476xx_gpio.o
LOAD ./bootloader/src/stm32l476xx_usart.o
START GROUP
LOAD /opt/st/stm32cubeide_1.19.0/plugins/com.st.stm32cube.ide.mcu.externaltools.gnu-tools-for-stm32.13.3.rel1.linux64_1.0.0.202410170706/tools/bin/../lib/gcc/arm-none-eabi/13.3.1/../../../../arm-none-eabi/lib/thumb/v7e-m/nofp/libc_nano.a
LOAD /opt/st/stm32cubeide_1.19.0/plugins/com.st.stm32cube.ide.mcu.externaltools.gnu-tools-for-stm32.13.3.rel1.linux64_1.0.0.202410170706/tools/bin/../lib/gcc/arm-none-eabi/13.3.1/../../../../arm-none-eabi/lib/thumb/v7e-m/nofp/libm.a
END GROUP
START GROUP
LOAD /opt/st/stm32cubeide_1.19.0/plugins/com.st.stm32cube.ide.mcu.externaltools.gnu-tools-for-stm32.13.3.rel1.linux64_1.0.0.202410170706/tools/bin/../lib/gcc/arm-none-eabi/13.3.1/thumb/v7e-m/nofp/libgcc.a
LOAD /opt/st/stm32cubeide_1.19.0/plugins/com.st.stm32cube.ide.mcu.externaltools.gnu-tools-for-stm32.13.3.rel1.linux64_1.0.0.202410170706/tools/bin/../lib/gcc/arm-none-eabi/13.3.1/../../../../arm-none-eabi/lib/thumb/v7e-m/nofp/libc_nano.a
END GROUP
START GROUP
LOAD /opt/st/stm32cubeide_1.19.0/plugins/com.st.stm32cube.ide.mcu.externaltools.gnu-tools-for-stm32.13.3.rel1.linux64_1.0.0.202410170706/tools/bin/../lib/gcc/arm-none-eabi/13.3.1/thumb/v7e-m/nofp/libgcc.a
LOAD /opt/st/stm32cubeide_1.19.0/plugins/com.st.stm32cube.ide.mcu.externaltools.gnu-tools-for-stm32.13.3.rel1.linux64_1.0.0.202410170706/tools/bin/../lib/gcc/arm-none-eabi/13.3.1/../../../../arm-none-eabi/lib/thumb/v7e-m/nofp/libc_nano.a
LOAD /opt/st/stm32cubeide_1.19.0/plugins/com.st.stm32cube.ide.mcu.externaltools.gnu-tools-for-stm32.13.3.rel1.linux64_1.0.0.202410170706/tools/bin/../lib/gcc/arm-none-eabi/13.3.1/../../../../arm-none-eabi/lib/thumb/v7e-m/nofp/libnosys.a
END GROUP
START GROUP
LOAD /opt/st/stm32cubeide_1.19.0/plugins/com.st.stm32cube.ide.mcu.externaltools.gnu-tools-for-stm32.13.3.rel1.linux64_1.0.0.202410170706/tools/bin/../lib/gcc/arm-none-eabi/13.3.1/thumb/v7e-m/nofp/libgcc.a
LOAD /opt/st/stm32cubeide_1.19.0/plugins/com.st.stm32cube.ide.mcu.externaltools.gnu-tools-for-stm32.13.3.rel1.linux64_1.0.0.202410170706/tools/bin/../lib/gcc/arm-none-eabi/13.3.1/../../../../arm-none-eabi/lib/thumb/v7e-m/nofp/libc_nano.a
LOAD /opt/st/stm32cubeide_1.19.0/plugins/com.st.stm32cube.ide.mcu.externaltools.gnu-tools-for-stm32.13.3.rel1.linux64_1.0.0.202410170706/tools/bin/../lib/gcc/arm-none-eabi/13.3.1/../../../../arm-none-eabi/lib/thumb/v7e-m/nofp/libnosys.a
END GROUP
LOAD /opt/st/stm32cubeide_1.19.0/plugins/com.st.stm32cube.ide.mcu.externaltools.gnu-tools-for-stm32.13.3.rel1.linux64_1.0.0.202410170706/tools/bin/../lib/gcc/arm-none-eabi/13.3.1/thumb/v7e-m/nofp/crtend.o
LOAD /opt/st/stm32cubeide_1.19.0/plugins/com.st.stm32cube.ide.mcu.externaltools.gnu-tools-for-stm32.13.3.rel1.linux64_1.0.0.202410170706/tools/bin/../lib/gcc/arm-none-eabi/13.3.1/thumb/v7e-m/nofp/crtn.o
                0x20018000                        _estack = (ORIGIN (RAM) + LENGTH (RAM))
                0x00000200                        _Min_Heap_Size = 0x200
                0x00000400                        _Min_Stack_Size = 0x400

.isr_vector     0x08000000      0x18c
                0x08000000                        . = ALIGN (0x4)
 *(.isr_vector)
 .isr_vector    0x08000000      0x18c ./Startup/startup_stm32l476rgtx.o
                0x08000000                g_pfnVectors
                0x0800018c                        . = ALIGN (0x4)

.text           0x0800018c     0x1460
                0x0800018c                        . = ALIGN (0x4)
 *(.text)
 .text          0x0800018c       0x40 /opt/st/stm32cubeide_1.19.0/plugins/com.st.stm32cube.ide.mcu.externaltools.gnu-tools-for-stm32.13.3.rel1.linux64_1.0.0.202410170706/tools/bin/../lib/gcc/arm-none-eabi/13.3.1/thumb/v7e-m/nofp/crtbegin.o
 .text          0x080001cc       0x10 /opt/st/stm32cubeide_1.19.0/plugins/com.st.stm32cube.ide.mcu.externaltools.gnu-tools-for-stm32.13.3.rel1.linux64_1.0.0.202410170706/tools/bin/../lib/gcc/arm-none-eabi/13.3.1/../../../../arm-none-eabi/lib/thumb/v7e-m/nofp/libc_nano.a(libc_a-strlen.o)
                0x080001cc                strlen
 *(.text*)
 .text.GPIO_ButtonInit
                0x080001dc       0x54 ./Src/multislot_boot.o
                0x080001dc                GPIO_ButtonInit
 .text.btn_state
                0x08000230       0x20 ./Src/multislot_boot.o
                0x08000230                btn_state
 .text.main     0x08000250       0x88 ./Src/multislot_boot.o
                0x08000250                main
 .text.USART2_IRQHandler
                0x080002d8       0x14 ./Src/multislot_boot.o
                0x080002d8                USART2_IRQHandler
 .text.proces_bt_cmd
                0x080002ec       0x6c ./Src/multislot_boot.o
 .text.usart_callback
                0x08000358       0x54 ./Src/multislot_boot.o
 .text.USART_ApplicationEventCallback
                0x080003ac       0x1e ./Src/multislot_boot.o
                0x080003ac                USART_ApplicationEventCallback
 *fill*         0x080003ca        0x2 
 .text.Reset_Handler
                0x080003cc       0x50 ./Startup/startup_stm32l476rgtx.o
                0x080003cc                Reset_Handler
 .text.Default_Handler
                0x0800041c        0x2 ./Startup/startup_stm32l476rgtx.o
                0x0800041c                EXTI2_IRQHandler
                0x0800041c                TIM8_TRG_COM_IRQHandler
                0x0800041c                TIM8_CC_IRQHandler
                0x0800041c                DebugMon_Handler
                0x0800041c                DMA1_CH4_IRQHandler
                0x0800041c                TIM1_CC_IRQHandler
                0x0800041c                TSC_IRQHandler
                0x0800041c                HardFault_Handler
                0x0800041c                SysTick_Handler
                0x0800041c                TAMP_STAMP_IRQHandler
                0x0800041c                PendSV_Handler
                0x0800041c                NMI_Handler
                0x0800041c                EXTI3_IRQHandler
                0x0800041c                LPTIM2_IRQHandler
                0x0800041c                DFSDM1_FLT1_IRQHandler
                0x0800041c                I2C3_ER_IRQHandler
                0x0800041c                DFSDM1_FLT2_IRQHandler
                0x0800041c                TIM6_DACUNDER_IRQHandler
                0x0800041c                EXTI0_IRQHandler
                0x0800041c                I2C2_EV_IRQHandler
                0x0800041c                DMA2_CH1_IRQHandler
                0x0800041c                CAN1_RX0_IRQHandler
                0x0800041c                FPU_IRQHandler
                0x0800041c                TIM1_UP_TIM16_IRQHandler
                0x0800041c                DMA2_CH7_IRQHandler
                0x0800041c                UsageFault_Handler
                0x0800041c                ADC1_2_IRQHandler
                0x0800041c                SPI1_IRQHandler
                0x0800041c                DMA1_CH7_IRQHandler
                0x0800041c                TIM8_UP_IRQHandler
                0x0800041c                RTC_ALARM_IRQHandler
                0x0800041c                SAI2_IRQHandler
                0x0800041c                DFSDM1_FLT3_IRQHandler
                0x0800041c                DMA1_CH6_IRQHandler
                0x0800041c                USART3_IRQHandler
                0x0800041c                CAN1_RX1_IRQHandler
                0x0800041c                LCD_IRQHandler
                0x0800041c                UART5_IRQHandler
                0x0800041c                ADC3_IRQHandler
                0x0800041c                TIM4_IRQHandler
                0x0800041c                QUADSPI_IRQHandler
                0x0800041c                I2C1_EV_IRQHandler
                0x0800041c                DMA2_CH5_IRQHandler
                0x0800041c                UART4_IRQHandler
                0x0800041c                DMA1_CH3_IRQHandler
                0x0800041c                TIM3_IRQHandler
                0x0800041c                RCC_IRQHandler
                0x0800041c                Default_Handler
                0x0800041c                EXTI15_10_IRQHandler
                0x0800041c                TIM7_IRQHandler
                0x0800041c                SDMMC1_IRQHandler
                0x0800041c                TIM5_IRQHandler
                0x0800041c                I2C3_EV_IRQHandler
                0x0800041c                EXTI9_5_IRQHandler
                0x0800041c                DMA1_CH2_IRQHandler
                0x0800041c                RTC_WKUP_IRQHandler
                0x0800041c                PVD_PVM_IRQHandler
                0x0800041c                SPI2_IRQHandler
                0x0800041c                DMA1_CH1_IRQHandler
                0x0800041c                MemManage_Handler
                0x0800041c                CAN1_TX_IRQHandler
                0x0800041c                SVC_Handler
                0x0800041c                CRS_IRQHandler
                0x0800041c                EXTI4_IRQHandler
                0x0800041c                RNG_IRQHandler
                0x0800041c                TIM1_TRG_COM_TIM17_IRQHandler
                0x0800041c                COMP_IRQHandler
                0x0800041c                WWDG_IRQHandler
                0x0800041c                LPUART1_IRQHandler
                0x0800041c                TIM2_IRQHandler
                0x0800041c                EXTI1_IRQHandler
                0x0800041c                DFSDM1_FLT0_IRQHandler
                0x0800041c                I2C2_ER_IRQHandler
                0x0800041c                TIM8_BRK_IRQHandler
                0x0800041c                CAN1_SCE_IRQHandler
                0x0800041c                FLASH_IRQHandler
                0x0800041c                BusFault_Handler
                0x0800041c                USART1_IRQHandler
                0x0800041c                OTG_FS_IRQHandler
                0x0800041c                SPI3_IRQHandler
                0x0800041c                DMA2_CH6_IRQHandler
                0x0800041c                DMA2_CH3_IRQHandler
                0x0800041c                DMA2_CH2_IRQHandler
                0x0800041c                I2C1_ER_IRQHandler
                0x0800041c                FMC_IRQHandler
                0x0800041c                DMA1_CH5_IRQHandler
                0x0800041c                DMA2_CH4_IRQHandler
                0x0800041c                SWPMI1_IRQHandler
                0x0800041c                LPTIM1_IRQHandler
                0x0800041c                SAI1_IRQHandler
                0x0800041c                TIM1_BRK_TIM15_IRQHandler
 .text.delay    0x0800041e       0x28 ./bootloader/src/bootloader.o
 .text.USART2_GPIOInit
                0x08000446       0x40 ./bootloader/src/bootloader.o
                0x08000446                USART2_GPIOInit
 *fill*         0x08000486        0x2 
 .text.USART2_Init
                0x08000488       0x44 ./bootloader/src/bootloader.o
                0x08000488                USART2_Init
 .text.jump_to_app
                0x080004cc       0xac ./bootloader/src/bootloader.o
                0x080004cc                jump_to_app
 .text.RCC_GetMSIClock
                0x08000578       0xc0 ./bootloader/src/stm32l476_rcc.o
 .text.RCC_GetPLLOutputClock
                0x08000638       0x98 ./bootloader/src/stm32l476_rcc.o
                0x08000638                RCC_GetPLLOutputClock
 .text.RCC_GetPCLK1Value
                0x080006d0       0xd0 ./bootloader/src/stm32l476_rcc.o
                0x080006d0                RCC_GetPCLK1Value
 .text.RCC_GetPCLK2Value
                0x080007a0       0xd0 ./bootloader/src/stm32l476_rcc.o
                0x080007a0                RCC_GetPCLK2Value
 .text.GPIO_INIT
                0x08000870      0x240 ./bootloader/src/stm32l476xx_gpio.o
                0x08000870                GPIO_INIT
 .text.GPIO_PERI_CTRL
                0x08000ab0      0x1cc ./bootloader/src/stm32l476xx_gpio.o
                0x08000ab0                GPIO_PERI_CTRL
 .text.GPIO_READ_INPUT_PIN
                0x08000c7c       0x2a ./bootloader/src/stm32l476xx_gpio.o
                0x08000c7c                GPIO_READ_INPUT_PIN
 .text.USART_INIT
                0x08000ca6      0x10c ./bootloader/src/stm32l476xx_usart.o
                0x08000ca6                USART_INIT
 *fill*         0x08000db2        0x2 
 .text.USART_PER_CLK_CTRL
                0x08000db4      0x110 ./bootloader/src/stm32l476xx_usart.o
                0x08000db4                USART_PER_CLK_CTRL
 .text.USART_SEND_DATA
                0x08000ec4       0x9e ./bootloader/src/stm32l476xx_usart.o
                0x08000ec4                USART_SEND_DATA
 .text.USART_PeripheralControl
                0x08000f62       0x36 ./bootloader/src/stm32l476xx_usart.o
                0x08000f62                USART_PeripheralControl
 .text.USART_GetFlagStatus
                0x08000f98       0x26 ./bootloader/src/stm32l476xx_usart.o
                0x08000f98                USART_GetFlagStatus
 *fill*         0x08000fbe        0x2 
 .text.USART_SetBaudRate
                0x08000fc0       0x7c ./bootloader/src/stm32l476xx_usart.o
                0x08000fc0                USART_SetBaudRate
 .text.USART_SEND_DATA_IT
                0x0800103c       0x58 ./bootloader/src/stm32l476xx_usart.o
                0x0800103c                USART_SEND_DATA_IT
 .text.USART_REC_DATA_IT
                0x08001094       0x48 ./bootloader/src/stm32l476xx_usart.o
                0x08001094                USART_REC_DATA_IT
 .text.USART_IRQInterruptConfig
                0x080010dc      0x108 ./bootloader/src/stm32l476xx_usart.o
                0x080010dc                USART_IRQInterruptConfig
 .text.USART_IRQHandling
                0x080011e4      0x3a6 ./bootloader/src/stm32l476xx_usart.o
                0x080011e4                USART_IRQHandling
 *fill*         0x0800158a        0x2 
 .text.__libc_init_array
                0x0800158c       0x48 /opt/st/stm32cubeide_1.19.0/plugins/com.st.stm32cube.ide.mcu.externaltools.gnu-tools-for-stm32.13.3.rel1.linux64_1.0.0.202410170706/tools/bin/../lib/gcc/arm-none-eabi/13.3.1/../../../../arm-none-eabi/lib/thumb/v7e-m/nofp/libc_nano.a(libc_a-init.o)
                0x0800158c                __libc_init_array
 *(.glue_7)
 .glue_7        0x080015d4        0x0 linker stubs
 *(.glue_7t)
 .glue_7t       0x080015d4        0x0 linker stubs
 *(.eh_frame)
 .eh_frame      0x080015d4        0x0 /opt/st/stm32cubeide_1.19.0/plugins/com.st.stm32cube.ide.mcu.externaltools.gnu-tools-for-stm32.13.3.rel1.linux64_1.0.0.202410170706/tools/bin/../lib/gcc/arm-none-eabi/13.3.1/thumb/v7e-m/nofp/crtbegin.o
 *(.init)
 .init          0x080015d4        0x4 /opt/st/stm32cubeide_1.19.0/plugins/com.st.stm32cube.ide.mcu.externaltools.gnu-tools-for-stm32.13.3.rel1.linux64_1.0.0.202410170706/tools/bin/../lib/gcc/arm-none-eabi/13.3.1/thumb/v7e-m/nofp/crti.o
                0x080015d4                _init
 .init          0x080015d8        0x8 /opt/st/stm32cubeide_1.19.0/plugins/com.st.stm32cube.ide.mcu.externaltools.gnu-tools-for-stm32.13.3.rel1.linux64_1.0.0.202410170706/tools/bin/../lib/gcc/arm-none-eabi/13.3.1/thumb/v7e-m/nofp/crtn.o
 *(.fini)
 .fini          0x080015e0        0x4 /opt/st/stm32cubeide_1.19.0/plugins/com.st.stm32cube.ide.mcu.externaltools.gnu-tools-for-stm32.13.3.rel1.linux64_1.0.0.202410170706/tools/bin/../lib/gcc/arm-none-eabi/13.3.1/thumb/v7e-m/nofp/crti.o
                0x080015e0                _fini
 .fini          0x080015e4        0x8 /opt/st/stm32cubeide_1.19.0/plugins/com.st.stm32cube.ide.mcu.externaltools.gnu-tools-for-stm32.13.3.rel1.linux64_1.0.0.202410170706/tools/bin/../lib/gcc/arm-none-eabi/13.3.1/thumb/v7e-m/nofp/crtn.o
                0x080015ec                        . = ALIGN (0x4)
                0x080015ec                        _etext = .

.vfp11_veneer   0x080015ec        0x0
 .vfp11_veneer  0x080015ec        0x0 linker stubs

.v4_bx          0x080015ec        0x0
 .v4_bx         0x080015ec        0x0 linker stubs

.iplt           0x080015ec        0x0
 .iplt          0x080015ec        0x0 /opt/st/stm32cubeide_1.19.0/plugins/com.st.stm32cube.ide.mcu.externaltools.gnu-tools-for-stm32.13.3.rel1.linux64_1.0.0.202410170706/tools/bin/../lib/gcc/arm-none-eabi/13.3.1/thumb/v7e-m/nofp/crtbegin.o

.rodata         0x080015ec       0x2c
                0x080015ec                        . = ALIGN (0x4)
 *(.rodata)
 *(.rodata*)
 .rodata.msg_app1
                0x080015ec       0x11 ./Src/multislot_boot.o
                0x080015ec                msg_app1
 *fill*         0x080015fd        0x3 
 .rodata.msg_factory
                0x08001600       0x18 ./Src/multislot_boot.o
                0x08001600                msg_factory
                0x08001618                        . = ALIGN (0x4)

.ARM.extab      0x08001618        0x0
                0x08001618                        . = ALIGN (0x4)
 *(.ARM.extab* .gnu.linkonce.armextab.*)
                0x08001618                        . = ALIGN (0x4)

.ARM            0x08001618        0x8
                0x08001618                        . = ALIGN (0x4)
                0x08001618                        __exidx_start = .
 *(.ARM.exidx*)
 .ARM.exidx     0x08001618        0x8 /opt/st/stm32cubeide_1.19.0/plugins/com.st.stm32cube.ide.mcu.externaltools.gnu-tools-for-stm32.13.3.rel1.linux64_1.0.0.202410170706/tools/bin/../lib/gcc/arm-none-eabi/13.3.1/../../../../arm-none-eabi/lib/thumb/v7e-m/nofp/libc_nano.a(libc_a-strlen.o)
                0x08001620                        __exidx_end = .
                0x08001620                        . = ALIGN (0x4)

.preinit_array  0x08001620        0x0
                0x08001620                        . = ALIGN (0x4)
                0x08001620                        PROVIDE (__preinit_array_start = .)
 *(.preinit_array*)
                0x08001620                        PROVIDE (__preinit_array_end = .)
                0x08001620                        . = ALIGN (0x4)

.init_array     0x08001620        0x4
                0x08001620                        . = ALIGN (0x4)
                0x08001620                        PROVIDE (__init_array_start = .)
 *(SORT_BY_NAME(.init_array.*))
 *(.init_array*)
 .init_array    0x08001620        0x4 /opt/st/stm32cubeide_1.19.0/plugins/com.st.stm32cube.ide.mcu.externaltools.gnu-tools-for-stm32.13.3.rel1.linux64_1.0.0.202410170706/tools/bin/../lib/gcc/arm-none-eabi/13.3.1/thumb/v7e-m/nofp/crtbegin.o
                0x08001624                        PROVIDE (__init_array_end = .)
                0x08001624                        . = ALIGN (0x4)

.fini_array     0x08001624        0x4
                0x08001624                        . = ALIGN (0x4)
                [!provide]                        PROVIDE (__fini_array_start = .)
 *(SORT_BY_NAME(.fini_array.*))
 *(.fini_array*)
 .fini_array    0x08001624        0x4 /opt/st/stm32cubeide_1.19.0/plugins/com.st.stm32cube.ide.mcu.externaltools.gnu-tools-for-stm32.13.3.rel1.linux64_1.0.0.202410170706/tools/bin/../lib/gcc/arm-none-eabi/13.3.1/thumb/v7e-m/nofp/crtbegin.o
                [!provide]                        PROVIDE (__fini_array_end = .)
                0x08001628                        . = ALIGN (0x4)
                0x08001628                        _sidata = LOADADDR (.data)

.rel.dyn        0x08001628        0x0
 .rel.iplt      0x08001628        0x0 /opt/st/stm32cubeide_1.19.0/plugins/com.st.stm32cube.ide.mcu.externaltools.gnu-tools-for-stm32.13.3.rel1.linux64_1.0.0.202410170706/tools/bin/../lib/gcc/arm-none-eabi/13.3.1/thumb/v7e-m/nofp/crtbegin.o

.data           0x20000000      0x178 load address 0x08001628
                0x20000000                        . = ALIGN (0x4)
                0x20000000                        _sdata = .
 *(.data)
 *(.data*)
 .data.menu     0x20000000       0x9a ./Src/multislot_boot.o
                0x20000000                menu
 *fill*         0x2000009a        0x2 
 .data.msg1     0x2000009c       0x64 ./bootloader/src/bootloader.o
                0x2000009c                msg1
 .data.msg2     0x20000100       0x64 ./bootloader/src/bootloader.o
                0x20000100                msg2
 .data.AHB_PreScaler
                0x20000164       0x10 ./bootloader/src/stm32l476_rcc.o
                0x20000164                AHB_PreScaler
 .data.APB_PreScaler
                0x20000174        0x4 ./bootloader/src/stm32l476_rcc.o
                0x20000174                APB_PreScaler
 *(.RamFunc)
 *(.RamFunc*)
                0x20000178                        . = ALIGN (0x4)
                0x20000178                        _edata = .
                0x080017a0                        _sisram2 = LOADADDR (.sram2)

.igot.plt       0x20000178        0x0 load address 0x080017a0
 .igot.plt      0x20000178        0x0 /opt/st/stm32cubeide_1.19.0/plugins/com.st.stm32cube.ide.mcu.externaltools.gnu-tools-for-stm32.13.3.rel1.linux64_1.0.0.202410170706/tools/bin/../lib/gcc/arm-none-eabi/13.3.1/thumb/v7e-m/nofp/crtbegin.o

.sram2          0x10000000        0x0 load address 0x080017a0
                0x10000000                        . = ALIGN (0x4)
                0x10000000                        _ssram2 = .
 *(.sram2)
 *(.sram2*)
                0x10000000                        . = ALIGN (0x4)
                0x10000000                        _esram2 = .
                0x10000000                        . = ALIGN (0x4)

.bss            0x20000178       0x3c
                0x20000178                        _sbss = .
                0x20000178                        __bss_start__ = _sbss
 *(.bss)
 .bss           0x20000178       0x1c /opt/st/stm32cubeide_1.19.0/plugins/com.st.stm32cube.ide.mcu.externaltools.gnu-tools-for-stm32.13.3.rel1.linux64_1.0.0.202410170706/tools/bin/../lib/gcc/arm-none-eabi/13.3.1/thumb/v7e-m/nofp/crtbegin.o
 *(.bss*)
 .bss.g_ch_key  0x20000194        0x1 ./Src/multislot_boot.o
                0x20000194                g_ch_key
 .bss.g_un_key  0x20000195        0x1 ./Src/multislot_boot.o
                0x20000195                g_un_key
 *fill*         0x20000196        0x2 
 .bss.usart_handle
                0x20000198       0x1c ./bootloader/src/bootloader.o
                0x20000198                usart_handle
 *(COMMON)
                0x200001b4                        . = ALIGN (0x4)
                0x200001b4                        _ebss = .
                0x200001b4                        __bss_end__ = _ebss

._user_heap_stack
                0x200001b4      0x604
                0x200001b8                        . = ALIGN (0x8)
 *fill*         0x200001b4        0x4 
                [!provide]                        PROVIDE (end = .)
                0x200001b8                        PROVIDE (_end = .)
                0x200003b8                        . = (. + _Min_Heap_Size)
 *fill*         0x200001b8      0x200 
                0x200007b8                        . = (. + _Min_Stack_Size)
 *fill*         0x200003b8      0x400 
                0x200007b8                        . = ALIGN (0x8)

/DISCARD/
 libc.a(*)
 libm.a(*)
 libgcc.a(*)

.ARM.attributes
                0x00000000       0x2a
 *(.ARM.attributes)
 .ARM.attributes
                0x00000000       0x1e /opt/st/stm32cubeide_1.19.0/plugins/com.st.stm32cube.ide.mcu.externaltools.gnu-tools-for-stm32.13.3.rel1.linux64_1.0.0.202410170706/tools/bin/../lib/gcc/arm-none-eabi/13.3.1/thumb/v7e-m/nofp/crti.o
 .ARM.attributes
                0x0000001e       0x2e /opt/st/stm32cubeide_1.19.0/plugins/com.st.stm32cube.ide.mcu.externaltools.gnu-tools-for-stm32.13.3.rel1.linux64_1.0.0.202410170706/tools/bin/../lib/gcc/arm-none-eabi/13.3.1/thumb/v7e-m/nofp/crtbegin.o
 .ARM.attributes
                0x0000004c       0x2e ./Src/multislot_boot.o
 .ARM.attributes
                0x0000007a       0x21 ./Startup/startup_stm32l476rgtx.o
 .ARM.attributes
                0x0000009b       0x2e ./bootloader/src/bootloader.o
 .ARM.attributes
                0x000000c9       0x2e ./bootloader/src/stm32l476_rcc.o
 .ARM.attributes
                0x000000f7       0x2e ./bootloader/src/stm32l476xx_gpio.o
 .ARM.attributes
                0x00000125       0x2e ./bootloader/src/stm32l476xx_usart.o
 .ARM.attributes
                0x00000153       0x2e /opt/st/stm32cubeide_1.19.0/plugins/com.st.stm32cube.ide.mcu.externaltools.gnu-tools-for-stm32.13.3.rel1.linux64_1.0.0.202410170706/tools/bin/../lib/gcc/arm-none-eabi/13.3.1/../../../../arm-none-eabi/lib/thumb/v7e-m/nofp/libc_nano.a(libc_a-init.o)
 .ARM.attributes
                0x00000181       0x17 /opt/st/stm32cubeide_1.19.0/plugins/com.st.stm32cube.ide.mcu.externaltools.gnu-tools-for-stm32.13.3.rel1.linux64_1.0.0.202410170706/tools/bin/../lib/gcc/arm-none-eabi/13.3.1/../../../../arm-none-eabi/lib/thumb/v7e-m/nofp/libc_nano.a(libc_a-strlen.o)
 .ARM.attributes
                0x00000198       0x1e /opt/st/stm32cubeide_1.19.0/plugins/com.st.stm32cube.ide.mcu.externaltools.gnu-tools-for-stm32.13.3.rel1.linux64_1.0.0.202410170706/tools/bin/../lib/gcc/arm-none-eabi/13.3.1/thumb/v7e-m/nofp/crtn.o
OUTPUT(bootloader.elf elf32-littlearm)
LOAD linker stubs
LOAD /opt/st/stm32cubeide_1.19.0/plugins/com.st.stm32cube.ide.mcu.externaltools.gnu-tools-for-stm32.13.3.rel1.linux64_1.0.0.202410170706/tools/bin/../lib/gcc/arm-none-eabi/13.3.1/../../../../arm-none-eabi/lib/thumb/v7e-m/nofp/libc.a
LOAD /opt/st/stm32cubeide_1.19.0/plugins/com.st.stm32cube.ide.mcu.externaltools.gnu-tools-for-stm32.13.3.rel1.linux64_1.0.0.202410170706/tools/bin/../lib/gcc/arm-none-eabi/13.3.1/../../../../arm-none-eabi/lib/thumb/v7e-m/nofp/libm.a
LOAD /opt/st/stm32cubeide_1.19.0/plugins/com.st.stm32cube.ide.mcu.externaltools.gnu-tools-for-stm32.13.3.rel1.linux64_1.0.0.202410170706/tools/bin/../lib/gcc/arm-none-eabi/13.3.1/thumb/v7e-m/nofp/libgcc.a

.debug_info     0x00000000     0x2138
 .debug_info    0x00000000      0x69f ./Src/multislot_boot.o
 .debug_info    0x0000069f       0x30 ./Startup/startup_stm32l476rgtx.o
 .debug_info    0x000006cf      0x62a ./bootloader/src/bootloader.o
 .debug_info    0x00000cf9      0x47e ./bootloader/src/stm32l476_rcc.o
 .debug_info    0x00001177      0x768 ./bootloader/src/stm32l476xx_gpio.o
 .debug_info    0x000018df      0x859 ./bootloader/src/stm32l476xx_usart.o

.debug_abbrev   0x00000000      0x8ef
 .debug_abbrev  0x00000000      0x22b ./Src/multislot_boot.o
 .debug_abbrev  0x0000022b       0x24 ./Startup/startup_stm32l476rgtx.o
 .debug_abbrev  0x0000024f      0x1b1 ./bootloader/src/bootloader.o
 .debug_abbrev  0x00000400      0x129 ./bootloader/src/stm32l476_rcc.o
 .debug_abbrev  0x00000529      0x19d ./bootloader/src/stm32l476xx_gpio.o
 .debug_abbrev  0x000006c6      0x229 ./bootloader/src/stm32l476xx_usart.o

.debug_aranges  0x00000000      0x1f0
 .debug_aranges
                0x00000000       0x58 ./Src/multislot_boot.o
 .debug_aranges
                0x00000058       0x28 ./Startup/startup_stm32l476rgtx.o
 .debug_aranges
                0x00000080       0x40 ./bootloader/src/bootloader.o
 .debug_aranges
                0x000000c0       0x38 ./bootloader/src/stm32l476_rcc.o
 .debug_aranges
                0x000000f8       0x70 ./bootloader/src/stm32l476xx_gpio.o
 .debug_aranges
                0x00000168       0x88 ./bootloader/src/stm32l476xx_usart.o

.debug_rnglists
                0x00000000      0x168
 .debug_rnglists
                0x00000000       0x3e ./Src/multislot_boot.o
 .debug_rnglists
                0x0000003e       0x19 ./Startup/startup_stm32l476rgtx.o
 .debug_rnglists
                0x00000057       0x2d ./bootloader/src/bootloader.o
 .debug_rnglists
                0x00000084       0x29 ./bootloader/src/stm32l476_rcc.o
 .debug_rnglists
                0x000000ad       0x53 ./bootloader/src/stm32l476xx_gpio.o
 .debug_rnglists
                0x00000100       0x68 ./bootloader/src/stm32l476xx_usart.o

.debug_macro    0x00000000     0x290e
 .debug_macro   0x00000000      0x1c0 ./Src/multislot_boot.o
 .debug_macro   0x000001c0      0xad8 ./Src/multislot_boot.o
 .debug_macro   0x00000c98       0x22 ./Src/multislot_boot.o
 .debug_macro   0x00000cba       0x8e ./Src/multislot_boot.o
 .debug_macro   0x00000d48       0x51 ./Src/multislot_boot.o
 .debug_macro   0x00000d99      0x103 ./Src/multislot_boot.o
 .debug_macro   0x00000e9c       0x6a ./Src/multislot_boot.o
 .debug_macro   0x00000f06      0x1df ./Src/multislot_boot.o
 .debug_macro   0x000010e5      0x190 ./Src/multislot_boot.o
 .debug_macro   0x00001275      0x558 ./Src/multislot_boot.o
 .debug_macro   0x000017cd       0xd0 ./Src/multislot_boot.o
 .debug_macro   0x0000189d      0x100 ./Src/multislot_boot.o
 .debug_macro   0x0000199d       0x40 ./Src/multislot_boot.o
 .debug_macro   0x000019dd       0x5e ./Src/multislot_boot.o
 .debug_macro   0x00001a3b       0x61 ./Src/multislot_boot.o
 .debug_macro   0x00001a9c       0x24 ./Src/multislot_boot.o
 .debug_macro   0x00001ac0       0x43 ./Src/multislot_boot.o
 .debug_macro   0x00001b03       0x34 ./Src/multislot_boot.o
 .debug_macro   0x00001b37       0x16 ./Src/multislot_boot.o
 .debug_macro   0x00001b4d       0x3c ./Src/multislot_boot.o
 .debug_macro   0x00001b89      0x370 ./Src/multislot_boot.o
 .debug_macro   0x00001ef9       0x10 ./Src/multislot_boot.o
 .debug_macro   0x00001f09       0x16 ./Src/multislot_boot.o
 .debug_macro   0x00001f1f       0x4a ./Src/multislot_boot.o
 .debug_macro   0x00001f69       0x34 ./Src/multislot_boot.o
 .debug_macro   0x00001f9d       0x10 ./Src/multislot_boot.o
 .debug_macro   0x00001fad       0x58 ./Src/multislot_boot.o
 .debug_macro   0x00002005       0x8e ./Src/multislot_boot.o
 .debug_macro   0x00002093       0x1c ./Src/multislot_boot.o
 .debug_macro   0x000020af      0x185 ./Src/multislot_boot.o
 .debug_macro   0x00002234       0x16 ./Src/multislot_boot.o
 .debug_macro   0x0000224a       0x16 ./Src/multislot_boot.o
 .debug_macro   0x00002260      0x146 ./Src/multislot_boot.o
 .debug_macro   0x000023a6       0x16 ./Src/multislot_boot.o
 .debug_macro   0x000023bc       0x20 ./Src/multislot_boot.o
 .debug_macro   0x000023dc      0x190 ./bootloader/src/bootloader.o
 .debug_macro   0x0000256c       0x58 ./bootloader/src/bootloader.o
 .debug_macro   0x000025c4       0x10 ./bootloader/src/bootloader.o
 .debug_macro   0x000025d4       0xbe ./bootloader/src/stm32l476_rcc.o
 .debug_macro   0x00002692       0xbc ./bootloader/src/stm32l476xx_gpio.o
 .debug_macro   0x0000274e       0xc6 ./bootloader/src/stm32l476xx_usart.o
 .debug_macro   0x00002814       0xfa ./bootloader/src/stm32l476xx_usart.o

.debug_line     0x00000000     0x2741
 .debug_line    0x00000000      0x6cb ./Src/multislot_boot.o
 .debug_line    0x000006cb       0x7b ./Startup/startup_stm32l476rgtx.o
 .debug_line    0x00000746      0x697 ./bootloader/src/bootloader.o
 .debug_line    0x00000ddd      0x595 ./bootloader/src/stm32l476_rcc.o
 .debug_line    0x00001372      0x8ca ./bootloader/src/stm32l476xx_gpio.o
 .debug_line    0x00001c3c      0xb05 ./bootloader/src/stm32l476xx_usart.o

.debug_str      0x00000000     0xa74d
 .debug_str     0x00000000     0xa74d ./Src/multislot_boot.o
                               0xa36e (size before relaxing)
 .debug_str     0x0000a74d       0x71 ./Startup/startup_stm32l476rgtx.o
 .debug_str     0x0000a74d     0x9cb9 ./bootloader/src/bootloader.o
 .debug_str     0x0000a74d     0x6a42 ./bootloader/src/stm32l476_rcc.o
 .debug_str     0x0000a74d     0x6b84 ./bootloader/src/stm32l476xx_gpio.o
 .debug_str     0x0000a74d     0x6c19 ./bootloader/src/stm32l476xx_usart.o

.comment        0x00000000       0x43
 .comment       0x00000000       0x43 ./Src/multislot_boot.o
                                 0x44 (size before relaxing)
 .comment       0x00000043       0x44 ./bootloader/src/bootloader.o
 .comment       0x00000043       0x44 ./bootloader/src/stm32l476_rcc.o
 .comment       0x00000043       0x44 ./bootloader/src/stm32l476xx_gpio.o
 .comment       0x00000043       0x44 ./bootloader/src/stm32l476xx_usart.o

.debug_frame    0x00000000      0x69c
 .debug_frame   0x00000000      0x114 ./Src/multislot_boot.o
 .debug_frame   0x00000114       0xc0 ./bootloader/src/bootloader.o
 .debug_frame   0x000001d4       0xa4 ./bootloader/src/stm32l476_rcc.o
 .debug_frame   0x00000278      0x1c8 ./bootloader/src/stm32l476xx_gpio.o
 .debug_frame   0x00000440      0x230 ./bootloader/src/stm32l476xx_usart.o
 .debug_frame   0x00000670       0x2c /opt/st/stm32cubeide_1.19.0/plugins/com.st.stm32cube.ide.mcu.externaltools.gnu-tools-for-stm32.13.3.rel1.linux64_1.0.0.202410170706/tools/bin/../lib/gcc/arm-none-eabi/13.3.1/../../../../arm-none-eabi/lib/thumb/v7e-m/nofp/libc_nano.a(libc_a-init.o)

.debug_line_str
                0x00000000       0x55
 .debug_line_str
                0x00000000       0x55 ./Startup/startup_stm32l476rgtx.o
